data/sales.csv
Day,Promo,Price,Sales
419,1,21.403806747753883,171.10312604962044
420,1,16.93494381179019,164.0949556237826
421,1,45.870616985057005,108.91219925769987
422,1,13.209349826465688,202.96695698262582
423,0,30.980455582810187,136.41836628666607
424,1,26.41587307958646,149.85477284983648
425,0,49.29514467634426,67.05808664355575
426,0,14.481556086722094,174.26945948739862
427,1,25.914223961829666,156.11672087675208
428,0,48.77881733101476,91.4808549728791
429,1,44.62028503575921,112.97686443583153
430,0,42.6828828379712,109.03608363486204
431,1,20.316113081797592,156.1811891220975
432,0,16.835503495602634,177.6721522455083
433,1,36.74572879697724,126.0996720779429
434,1,47.17503956510343,128.1913141766204
435,1,32.27051572055719,123.9858934272635
436,1,32.864507578795994,158.87818810048876
437,1,21.199163746411365,164.9707523859113
438,0,40.779717327677474,88.27943662658959
439,0,17.481749942300937,149.03733763343283
440,0,22.947169456169746,137.82686673666083
441,1,27.017457544656672,153.81884533438708
442,0,30.3044151473782,132.081494452087
443,1,19.696389296603208,157.1535266994133
444,1,14.593472989568141,178.15099864216492
445,0,34.4248016976653,146.0720511350147
446,0,21.54522212961023,172.05009222748507
447,1,33.24952885690449,138.42103290284928
448,0,16.174508610968093,160.13378064510277
449,1,29.2456040741927,143.6864597152922
450,1,31.303577302063434,145.94382633579767
451,1,12.072941472897076,169.4757578397812
452,1,23.464171127756824,152.47892411925775
453,1,15.37658707755897,151.52977119793871
454,0,12.53499881891071,174.65084979180241
455,0,49.59840929559781,85.7119158565466
456,1,22.894153798988917,150.51681856803708
457,1,42.3949778341854,132.622356863887
458,0,20.185626190550554,131.1494495785885
459,0,37.26010888895717,84.88410457445977
460,1,40.409114395587466,117.34399128943092
461,0,33.82554962431377,131.1426004783979
462,1,28.863047542006335,168.1012965168522
463,0,26.473636565890743,126.93264464223905
464,1,23.95473066171981,171.29338584716993
465,0,47.18116576991304,81.4694585327068
466,1,43.22477631150917,104.34864972211479
467,0,48.601076426660505,91.75220799564882
468,0,14.971888939421788,172.35512082764683
469,1,39.23469900814577,93.26737012487185
470,0,47.533618272841515,103.31405956378464
471,1,17.249322646626407,192.57806369564574
472,0,12.6598506946711,158.9669327406793
473,1,39.64482597160236,121.82498807255524
474,0,32.978924527196476,124.96314147624989
475,1,43.67315107033088,109.7272288115314
476,0,15.59089506505158,152.76818502968973
477,1,41.81069247439561,100.3989182949402
478,0,18.06509280190978,154.45395693035385
479,1,16.54623771462818,191.22534100232002
480,1,16.570631917239716,181.72742252581722
481,1,42.58298880925528,102.9833129955702
482,0,36.607888827848,120.05575859010517
483,1,30.922616990764773,94.96531821363692
484,0,24.3532193649401,156.3484370932313
485,1,45.08802163252433,76.18423923701769
486,0,25.697804296905417,130.31887513668948
487,1,42.66397757886308,91.54500763345014
488,0,27.565396342808736,111.66628700716458
489,0,25.077777176996303,154.71795886818705
490,1,28.507191426784257,136.71650341336098
491,0,22.055114966565682,150.05977080954654
492,0,39.904375207050045,99.53525329918713
493,1,30.108815603699167,146.8835733990989
494,0,19.28850780587269,152.9310588512221
495,0,45.982982930982736,65.79765930971462
496,0,25.355648854928457,151.55488015438596
497,1,31.742114444559544,128.23836514118145
498,0,46.25888443858188,61.00406042364904
499,1,34.969519836559684,121.1544729941121
